[gmpg.org/xfn/11.html]
[backblue.gif]
[fade.gif]
[index.html]
[fonts.googleapis.com/index.html]
[localhost/wordpress/comments/feed/index.html]
[localhost/wordpress/feed/index.html]
[localhost/wordpress/wp-content/uploads/2020/02/test-banner2.jpg]
[localhost/wordpress/wp-content/uploads/2019/04/slide4-1.jpg]
[localhost/wordpress/wp-content/themes/medilink/assets/img/banner.jpg]
[localhost/wordpress/wp-includes/js/jquery/jquery.min9d52.js]
[localhost/wordpress/wp-includes/js/jquery/jquery-migrate.mind617.js]
[localhost/wordpress/wp-content/plugins/LayerSlider/assets/static/layerslider/js/layerslider.utilsce67.js]
[localhost/wordpress/wp-content/plugins/LayerSlider/assets/static/layerslider/js/layerslider.kreaturamedia.jqueryce67.js]
[localhost/wordpress/wp-content/plugins/LayerSlider/assets/static/layerslider/js/layerslider.transitionsce67.js]
[localhost/wordpress/wp-content/plugins/export-wp-page-to-static-html-pro-premium/public/js/export-wp-page-to-static-html-public4b68.js]
[localhost/wordpress/wp-content/plugins/booked/includes/add-ons/woocommerce-payments/js/frontend-functions3bea.js]
[localhost/wordpress/wp-content/plugins/elementor/assets/lib/font-awesome/js/v4-shims.mine248.js]
[localhost/wordpress/wp-content/themes/medilink/assets/js/poppercc1a.js]
[localhost/wordpress/wp-content/themes/medilink/assets/js/slick.mincc1a.js]
[localhost/wordpress/wp-json/wp/v2/pages/6.json]
[localhost/wordpress/wp-json/index.html]
[localhost/wordpress/xmlrpc0db0.php]
[localhost/wordpress/wp-includes/wlwmanifest.xml]
[localhost/wordpress/wp-json/oembed/1.0/embed68f4.json]
[localhost/wordpress/wp-json/oembed/1.0/embedd248]
[localhost/wordpress/wp-content/uploads/2022/01/cropped-Logo-32x32.jpg]
[localhost/wordpress/wp-content/uploads/2022/01/cropped-Logo-192x192.jpg]
[localhost/wordpress/wp-content/uploads/2022/01/cropped-Logo-180x180.jpg]
[localhost/wordpress/wp-content/uploads/2022/01/Logo...png]
[localhost/wordpress/wp-content/uploads/2019/04/slide4-3.jpg]
[localhost/wordpress/wp-content/uploads/2022/01/front.png]
[localhost/wordpress/wp-content/uploads/2020/11/vV3rtADHCvhccJ9QBpuFDJ-1200-80-70x70.jpg]
[localhost/wordpress/wp-content/uploads/2020/11/Internal-medicine-2-70x70.jpg]
[localhost/wordpress/wp-content/uploads/2020/12/General-Surgery-70x70.jpg]
[localhost/wordpress/wp-content/uploads/2020/11/obgyn-70x70.jpg]
[localhost/wordpress/wp-content/uploads/2020/11/Cardiology-70x70.jpg]
[localhost/wordpress/wp-content/uploads/2020/11/kidney-70x70.jpg]
[localhost/wordpress/wp-content/uploads/2020/11/pediatrician-70x70.jpg]
[localhost/wordpress/wp-content/uploads/2020/11/ent-70x70.jpg]
[localhost/wordpress/wp-content/uploads/2020/11/orthopedic-70x70.jpg]
[localhost/wordpress/wp-content/uploads/2020/12/Oncology-70x70.jpg]
[localhost/wordpress/wp-content/uploads/2022/01/WhatsApp-Image-2022-01-22-at-2.41.59-PM-244x300.jpg]
[localhost/wordpress/wp-content/uploads/2022/01/WhatsApp-Image-2022-01-22-at-2.42.00-PM-1-221x300.jpg]
[localhost/wordpress/wp-content/uploads/2022/01/WhatsApp-Image-2022-01-22-at-2.42.00-PM-247x300.jpg]
[localhost/wordpress/wp-content/uploads/2022/01/WhatsApp-Image-2022-01-22-at-2.42.01-PM-223x300.jpg]
[localhost/wordpress/wp-content/uploads/2019/01/c12.png]
[localhost/wordpress/wp-content/uploads/2019/01/c13.png]
[localhost/wordpress/wp-content/uploads/2019/01/c14.png]
[localhost/wordpress/wp-content/uploads/2019/01/c15.png]
[localhost/wordpress/wp-content/uploads/2022/01/Untitled-design-1.png]
[localhost/wordpress/wp-includes/js/jquery/ui/core.min35d0.js]
[localhost/wordpress/wp-includes/js/jquery/ui/datepicker.min35d0.js]
[localhost/wordpress/wp-content/plugins/booked/assets/js/spin.min7406.js]
[localhost/wordpress/wp-content/plugins/booked/assets/js/spin.jquery7406.js]
[localhost/wordpress/wp-content/plugins/booked/assets/js/tooltipster/js/jquery.tooltipster.min9b70.js]
[localhost/wordpress/wp-content/plugins/booked/assets/js/functions25b6.js]
[localhost/wordpress/wp-content/plugins/yith-woocommerce-wishlist/assets/js/jquery.selectBox.min7359.js]
[localhost/wordpress/wp-content/plugins/yith-woocommerce-wishlist/assets/js/jquery.yith-wcwld4e0.js]
[localhost/wordpress/wp-content/plugins/contact-form-7/includes/js/scripts9dff.js]
[localhost/wordpress/wp-content/plugins/woocommerce/assets/js/jquery-blockui/jquery.blockUI.min44fd.js]
[localhost/wordpress/wp-content/plugins/woocommerce/assets/js/frontend/add-to-cart.mina288.js]
[localhost/wordpress/wp-content/plugins/woocommerce/assets/js/js-cookie/js.cookie.min6b25.js]
[localhost/wordpress/wp-content/plugins/woocommerce/assets/js/frontend/woocommerce.mina288.js]
[localhost/wordpress/wp-content/plugins/woocommerce/assets/js/frontend/cart-fragments.mina288.js]
[localhost/wordpress/wp-content/plugins/booked/includes/add-ons/frontend-agents/js/functions25b6.js]
[localhost/wordpress/wp-content/plugins/yith-woocommerce-quick-view/assets/js/frontend.min6dbf.js]
[localhost/wordpress/wp-content/plugins/woocommerce/assets/js/prettyPhoto/jquery.prettyPhoto.min005e.js]
[localhost/wordpress/wp-content/plugins/woocommerce/assets/js/select2/select2.full.minfa0c.js]
[localhost/wordpress/wp-content/themes/medilink/assets/js/bootstrap.mincc1a.js]
[localhost/wordpress/wp-content/themes/medilink/assets/js/jquery.meanmenu.mincc1a.js]
[localhost/wordpress/wp-content/themes/medilink/assets/js/jquery.nav.mincc1a.js]
[localhost/wordpress/wp-content/themes/medilink/assets/js/ResizeSensor.mincc1a.js]
[localhost/wordpress/wp-content/themes/medilink/assets/js/theia-sticky-sidebar.mincc1a.js]
[localhost/wordpress/wp-content/themes/medilink/assets/js/maincc1a.js]
[localhost/wordpress/wp-includes/js/wp-embed.min3bea.js]
[localhost/wordpress/wp-content/themes/medilink/assets/js/owl.carousel.mincc1a.js]
[localhost/wordpress/wp-content/themes/medilink/assets/js/waypoints.mincc1a.js]
[localhost/wordpress/wp-content/themes/medilink/assets/js/jquery.counterup.mincc1a.js]
[localhost/wordpress/wp-includes/js/underscore.min4511.js]
[localhost/wordpress/wp-includes/js/wp-util.min3bea.js]
[localhost/wordpress/wp-content/plugins/woocommerce/assets/js/frontend/add-to-cart-variation.mina288.js]
[localhost/wordpress/wp-content/plugins/woocommerce/assets/js/photoswipe/photoswipe.min0235.js]
[localhost/wordpress/wp-content/plugins/woocommerce/assets/js/photoswipe/photoswipe-ui-default.min0235.js]
[localhost/wordpress/wp-content/plugins/woocommerce/assets/js/frontend/single-product.mina288.js]
[localhost/wordpress/wp-content/plugins/elementor/assets/js/webpack.runtime.mine248.js]
[localhost/wordpress/wp-content/plugins/elementor/assets/js/frontend-modules.mine248.js]
[localhost/wordpress/wp-content/plugins/elementor/assets/lib/waypoints/waypoints.min05da.js]
[localhost/wordpress/wp-content/plugins/elementor/assets/lib/swiper/swiper.min48f5.js]
[localhost/wordpress/wp-content/plugins/elementor/assets/lib/share-link/share-link.mine248.js]
[localhost/wordpress/wp-content/plugins/elementor/assets/lib/dialog/dialog.mind227.js]
[localhost/wordpress/wp-content/plugins/elementor/assets/js/frontend.mine248.js]
[localhost/wordpress/wp-content/plugins/elementor/assets/js/preloaded-modules.mine248.js]
[localhost/wordpress/wp-content/plugins/wpforms-lite/assets/js/integrations/elementor/frontend.minba3a.js]
[localhost/wordpress/index.html]
[gmpg.org/xfn/default.css]
[gmpg.org/xfn/.html]
[gmpg.org/xfn/intro.html]
[gmpg.org/xfn/faq.html]
[gmpg.org/xfn/thanks.html]
[gmpg.org/xfn/11.html]
[fonts.googleapis.com/index.html]
[s.w.org/index.html]
[fonts.gstatic.com/index.html]
[localhost/wordpress/wp-content/plugins/LayerSlider/assets/static/layerslider/img/icon-muted-white.png]
[localhost/wordpress/wp-content/plugins/LayerSlider/assets/static/layerslider/css/layersliderce67.css]
[localhost/wordpress/wp-content/plugins/LayerSlider/assets/static/layerslider/img/icon-unmuted-white.png]
[localhost/wordpress/wp-includes/css/dist/block-library/style.min3bea.css]
[localhost/wordpress/wp-includes/css/dist/block-library/theme.min3bea.css]
[localhost/wordpress/wp-content/plugins/woocommerce/packages/woocommerce-blocks/build/vendors-style7e2e.css]
[localhost/wordpress/wp-content/plugins/woocommerce/packages/woocommerce-blocks/build/style7e2e.css]
[localhost/wordpress/wp-content/plugins/export-wp-page-to-static-html-pro-premium/public/css/export-wp-page-to-static-html-public4b68.css]
[localhost/wordpress/wp-content/plugins/redux-framework/extendify-sdk/public/build/extendify-utilitiesc5da.css]
[localhost/wordpress/wp-content/plugins/booked/assets/css/icons25b6.css]
[localhost/wordpress/wp-content/plugins/booked/assets/js/tooltipster/css/tooltipster9b70.css]
[localhost/wordpress/wp-content/plugins/booked/assets/js/tooltipster/css/themes/tooltipster-light9b70.css]
[localhost/wordpress/wp-content/plugins/booked/assets/css/animations25b6.css]
[localhost/wordpress/wp-content/plugins/booked/dist/booked25b6.css]
[localhost/wordpress/wp-content/plugins/contact-form-7/assets/ajax-loader.gif]
[localhost/wordpress/wp-content/plugins/contact-form-7/includes/css/styles9dff.css]
[localhost/wordpress/wp-content/plugins/woocommerce/assets/css/woocommerce-layouta288.css]
[localhost/wordpress/wp-content/plugins/woocommerce/assets/css/woocommerce-smallscreena288.css]
[localhost/wordpress/wp-content/plugins/woocommerce/assets/fonts/star.eot]
[localhost/wordpress/wp-content/plugins/woocommerce/assets/fonts/stard41d.eot]
[localhost/wordpress/wp-content/plugins/woocommerce/assets/fonts/star.woff]
[localhost/wordpress/wp-content/plugins/woocommerce/assets/fonts/star.ttf]
[localhost/wordpress/wp-content/plugins/woocommerce/assets/fonts/WooCommerce.eot]
[localhost/wordpress/wp-content/plugins/woocommerce/assets/fonts/WooCommerce.woff]
[localhost/wordpress/wp-content/plugins/woocommerce/assets/fonts/WooCommerce.ttf]
[localhost/wordpress/wp-content/plugins/woocommerce/assets/fonts/WooCommerced41d.eot]
[localhost/wordpress/wp-content/plugins/woocommerce/assets/css/woocommercea288.css]
[localhost/wordpress/wp-content/plugins/yith-woocommerce-quick-view/assets/css/yith-quick-view6dbf.css]
[localhost/wordpress/wp-content/plugins/woocommerce/assets/css/prettyPhoto3bea.css]
[localhost/wordpress/wp-content/plugins/yith-woocommerce-wishlist/assets/images/jquery.selectBox-arrow.gif]
[localhost/wordpress/wp-content/plugins/yith-woocommerce-wishlist/assets/css/jquery.selectBox7359.css]
[localhost/wordpress/wp-content/plugins/booked/includes/add-ons/woocommerce-payments/css/frontend-style3bea.css]
[localhost/wordpress/wp-content/plugins/tablepress/css/tablepress.woff]
[localhost/wordpress/wp-content/plugins/tablepress/css/default.mind50e.css]
[localhost/wordpress/wp-content/plugins/elementor/assets/lib/eicons/fonts/eiconsdc2c.eot]
[localhost/wordpress/wp-content/plugins/elementor/assets/lib/eicons/fonts/eiconsdc2c.woff2]
[localhost/wordpress/wp-content/plugins/elementor/assets/lib/eicons/fonts/eiconsdc2c.woff]
[localhost/wordpress/wp-content/plugins/elementor/assets/lib/eicons/fonts/eiconsdc2c.ttf]
[localhost/wordpress/wp-content/plugins/elementor/assets/lib/eicons/css/elementor-icons.mine900.css]
[localhost/wordpress/wp-content/plugins/elementor/assets/css/frontend-legacy.mine248.css]
[localhost/wordpress/wp-content/plugins/elementor/assets/css/frontend.mine248.css]
[localhost/wordpress/wp-content/plugins/elementor/assets/lib/font-awesome/webfonts/fa-brands-400.eot]
[localhost/wordpress/wp-content/plugins/elementor/assets/lib/font-awesome/webfonts/fa-brands-400.woff2]
[localhost/wordpress/wp-content/plugins/elementor/assets/lib/font-awesome/webfonts/fa-brands-400d41d.eot]
[localhost/wordpress/wp-content/plugins/elementor/assets/lib/font-awesome/webfonts/fa-brands-400.woff]
[localhost/wordpress/wp-content/plugins/elementor/assets/lib/font-awesome/webfonts/fa-brands-400.ttf]
[localhost/wordpress/wp-content/plugins/elementor/assets/lib/font-awesome/webfonts/fa-regular-400.eot]
[localhost/wordpress/wp-content/plugins/elementor/assets/lib/font-awesome/webfonts/fa-regular-400.woff2]
[localhost/wordpress/wp-content/plugins/elementor/assets/lib/font-awesome/webfonts/fa-regular-400d41d.eot]
[localhost/wordpress/wp-content/plugins/elementor/assets/lib/font-awesome/webfonts/fa-regular-400.woff]
[localhost/wordpress/wp-content/plugins/elementor/assets/lib/font-awesome/webfonts/fa-regular-400.ttf]
[localhost/wordpress/wp-content/plugins/elementor/assets/lib/font-awesome/webfonts/fa-solid-900.eot]
[localhost/wordpress/wp-content/plugins/elementor/assets/lib/font-awesome/webfonts/fa-solid-900.woff2]
[localhost/wordpress/wp-content/plugins/elementor/assets/lib/font-awesome/webfonts/fa-solid-900.woff]
[localhost/wordpress/wp-content/plugins/elementor/assets/lib/font-awesome/webfonts/fa-solid-900d41d.eot]
[localhost/wordpress/wp-content/plugins/elementor/assets/lib/font-awesome/webfonts/fa-solid-900.ttf]
[localhost/wordpress/wp-content/plugins/elementor/assets/lib/font-awesome/css/all.mine248.css]
[localhost/wordpress/wp-content/plugins/elementor/assets/lib/font-awesome/css/v4-shims.mine248.css]
[localhost/wordpress/wp-content/themes/medilink/assets/css/bootstrap.mincc1a.css]
[localhost/wordpress/wp-content/themes/medilink/assets/webfonts/fa-brands-400.eot]
[localhost/wordpress/wp-content/themes/medilink/assets/webfonts/fa-brands-400.woff2]
[localhost/wordpress/wp-content/themes/medilink/assets/webfonts/fa-brands-400d41d.eot]
[localhost/wordpress/wp-content/themes/medilink/assets/webfonts/fa-brands-400.woff]
[localhost/wordpress/wp-content/themes/medilink/assets/webfonts/fa-brands-400.ttf]
[localhost/wordpress/wp-content/themes/medilink/assets/webfonts/fa-regular-400.eot]
[localhost/wordpress/wp-content/themes/medilink/assets/webfonts/fa-regular-400.woff2]
[localhost/wordpress/wp-content/themes/medilink/assets/webfonts/fa-regular-400.woff]
[localhost/wordpress/wp-content/themes/medilink/assets/webfonts/fa-regular-400d41d.eot]
[localhost/wordpress/wp-content/themes/medilink/assets/webfonts/fa-regular-400.ttf]
[localhost/wordpress/wp-content/themes/medilink/assets/webfonts/fa-solid-900.eot]
[localhost/wordpress/wp-content/themes/medilink/assets/webfonts/fa-solid-900.woff2]
[localhost/wordpress/wp-content/themes/medilink/assets/webfonts/fa-solid-900d41d.eot]
[localhost/wordpress/wp-content/themes/medilink/assets/webfonts/fa-solid-900.woff]
[localhost/wordpress/wp-content/themes/medilink/assets/webfonts/fa-solid-900.ttf]
[localhost/wordpress/wp-content/themes/medilink/assets/fonts/fontawesome-webfont3e6e.eot]
[localhost/wordpress/wp-content/themes/medilink/assets/fonts/fontawesome-webfontd41d.eot]
[localhost/wordpress/wp-content/themes/medilink/assets/fonts/fontawesome-webfont3e6e.woff2]
[localhost/wordpress/wp-content/themes/medilink/assets/fonts/fontawesome-webfont3e6e.woff]
[localhost/wordpress/wp-content/themes/medilink/assets/fonts/fontawesome-webfont3e6e.ttf]
[localhost/wordpress/wp-content/themes/medilink/assets/css/font-awesome.mincc1a.css]
[localhost/wordpress/wp-content/themes/medilink/assets/fonts/Flaticon.eot]
[localhost/wordpress/wp-content/themes/medilink/assets/fonts/Flaticon.woff]
[localhost/wordpress/wp-content/themes/medilink/assets/fonts/Flaticon.ttf]
[localhost/wordpress/wp-content/themes/medilink/assets/fonts/Flaticond41d.eot]
[localhost/wordpress/wp-content/themes/medilink/assets/fonts/flaticoncc1a.css]
[localhost/wordpress/wp-content/themes/medilink/assets/css/animate.mincc1a.css]
[localhost/wordpress/wp-content/themes/medilink/assets/css/meanmenucc1a.css]
[localhost/wordpress/wp-content/plugins/woocommerce/assets/css/select2a288.css]
[localhost/wordpress/wp-content/themes/medilink/assets/img/preloader.gif]
[localhost/wordpress/wp-content/themes/medilink/assets/img/icon-bg.png]
[localhost/wordpress/wp-content/themes/medilink/assets/css/stylecc1a.css]
[localhost/wordpress/wp-content/themes/medilink/assets/img/team-bg1.jpg]
[localhost/wordpress/wp-content/themes/medilink/assets/img/right.png]
[localhost/wordpress/wp-content/themes/medilink/assets/img/testmonial-bg.jpg]
[localhost/wordpress/wp-content/themes/medilink/assets/css/elementorcc1a.css]
[fonts.gstatic.com/s/raleway/v22/1Ptxg8zYS_SKggPN4iEgvnHyvveLxVsEpbCIPrQ.ttf]
[fonts.gstatic.com/s/raleway/v22/1Ptxg8zYS_SKggPN4iEgvnHyvveLxVs9pbCIPrQ.ttf]
[fonts.gstatic.com/s/roboto/v29/KFOmCnqEu92Fr1Mu4mxP.ttf]
[fonts.googleapis.com/cssd35e.css]
[fonts.gstatic.com/s/roboto/v29/KFOlCnqEu92Fr1MmEU9fBBc9.ttf]
[fonts.gstatic.com/s/roboto/v29/KFOiCnqEu92Fr1Mu51QrEzAdKg.ttf]
[fonts.gstatic.com/s/roboto/v29/KFOjCnqEu92Fr1Mu51TjASc6CsE.ttf]
[fonts.gstatic.com/s/roboto/v29/KFOkCnqEu92Fr1Mu51xIIzc.ttf]
[fonts.gstatic.com/s/roboto/v29/KFOjCnqEu92Fr1Mu51S7ACc6CsE.ttf]
[fonts.gstatic.com/s/roboto/v29/KFOjCnqEu92Fr1Mu51TzBic6CsE.ttf]
[fonts.gstatic.com/s/roboto/v29/KFOjCnqEu92Fr1Mu51TLBCc6CsE.ttf]
[fonts.gstatic.com/s/roboto/v29/KFOkCnqEu92Fr1MmgVxIIzc.ttf]
[fonts.gstatic.com/s/roboto/v29/KFOlCnqEu92Fr1MmSU5fBBc9.ttf]
[fonts.gstatic.com/s/roboto/v29/KFOlCnqEu92Fr1MmWUlfBBc9.ttf]
[fonts.gstatic.com/s/roboto/v29/KFOlCnqEu92Fr1MmYUtfBBc9.ttf]
[fonts.gstatic.com/s/robotoslab/v16/BngbUXZYTXPIvIBgJJSb6s3BzlRRfKOFbvjojIWmb2Rm.ttf]
[fonts.gstatic.com/s/robotoslab/v16/BngbUXZYTXPIvIBgJJSb6s3BzlRRfKOFbvjoDISmb2Rm.ttf]
[fonts.gstatic.com/s/robotoslab/v16/BngbUXZYTXPIvIBgJJSb6s3BzlRRfKOFbvjo0oSmb2Rm.ttf]
[fonts.gstatic.com/s/robotoslab/v16/BngbUXZYTXPIvIBgJJSb6s3BzlRRfKOFbvjojISmb2Rm.ttf]
[fonts.gstatic.com/s/robotoslab/v16/BngbUXZYTXPIvIBgJJSb6s3BzlRRfKOFbvjovoSmb2Rm.ttf]
[fonts.gstatic.com/s/robotoslab/v16/BngbUXZYTXPIvIBgJJSb6s3BzlRRfKOFbvjoUoOmb2Rm.ttf]
[fonts.gstatic.com/s/robotoslab/v16/BngbUXZYTXPIvIBgJJSb6s3BzlRRfKOFbvjoa4Omb2Rm.ttf]
[fonts.gstatic.com/s/robotoslab/v16/BngbUXZYTXPIvIBgJJSb6s3BzlRRfKOFbvjoDIOmb2Rm.ttf]
[fonts.googleapis.com/css8e5f.css]
[localhost/wordpress/wp-content/plugins/elementor/assets/lib/font-awesome/css/fontawesome.min52d5.css]
[localhost/wordpress/wp-content/plugins/elementor/assets/lib/font-awesome/css/regular.min52d5.css]
[localhost/wordpress/wp-content/plugins/elementor/assets/lib/font-awesome/css/solid.min52d5.css]
[fonts.gstatic.com/s/robotoslab/v16/BngbUXZYTXPIvIBgJJSb6s3BzlRRfKOFbvjoJYOmb2Rm.ttf]
[localhost/wordpress/wp-json/wp/v2/pages/8.json]
[localhost/wordpress/wp-json/oembed/1.0/embed4c30.json]
[localhost/wordpress/wp-json/oembed/1.0/embed8435]
[localhost/wordpress/about/index.html]
[localhost/wordpress/wp-content/plugins/tablepress/js/jquery.datatables.mind50e.js]
[localhost/wordpress/wp-json/wp/v2/pages/631.json]
[localhost/wordpress/wp-json/oembed/1.0/embedae93.json]
[localhost/wordpress/wp-json/oembed/1.0/embed0a46]
[localhost/wordpress/doctors-3/index.html]
[localhost/wordpress/wp-json/wp/v2/pages/634.json]
[localhost/wordpress/wp-json/oembed/1.0/embed1605.json]
[localhost/wordpress/wp-json/oembed/1.0/embed4300]
[localhost/wordpress/wp-content/uploads/2020/11/vV3rtADHCvhccJ9QBpuFDJ-1200-80-630x300.jpg]
[localhost/wordpress/wp-content/uploads/2020/11/Internal-medicine-2.jpg]
[localhost/wordpress/wp-content/uploads/2020/12/General-Surgery-630x408.jpg]
[localhost/wordpress/wp-content/uploads/2020/11/obgyn-630x408.jpg]
[localhost/wordpress/wp-content/uploads/2020/11/Cardiology-630x408.jpg]
[localhost/wordpress/wp-content/uploads/2020/11/kidney-630x408.jpg]
[localhost/wordpress/wp-content/uploads/2020/11/pediatrician-630x350.jpg]
[localhost/wordpress/wp-content/uploads/2020/11/ent-630x320.jpg]
[localhost/wordpress/wp-content/uploads/2020/11/orthopedic.jpg]
[localhost/wordpress/wp-content/uploads/2020/12/Oncology-630x288.jpg]
[localhost/wordpress/departments-1/index.html]
[localhost/wordpress/wp-json/wp/v2/pages/656.json]
[localhost/wordpress/wp-json/oembed/1.0/embed9bba.json]
[localhost/wordpress/wp-json/oembed/1.0/embeda399]
[localhost/wordpress/wp-content/plugins/wpforms-lite/assets/js/jquery.validate.min6134.js]
[localhost/wordpress/wp-content/plugins/wpforms-lite/assets/js/mailcheck.mincfa9.js]
[localhost/wordpress/wp-content/plugins/wpforms-lite/assets/js/punycode.min8a54.js]
[localhost/wordpress/wp-content/plugins/wpforms-lite/assets/js/wpforms.minba3a.js]
[localhost/wordpress/contact/index.html]
[localhost/wordpress/wp-json/oembed/1.0/embed2e8c.json]
[localhost/wordpress/wp-json/oembed/1.0/embeda004]
[localhost/wordpress/wp-content/uploads/2020/11/vV3rtADHCvhccJ9QBpuFDJ-1200-80.jpg]
[localhost/wordpress/wp-includes/js/imagesloaded.mineda1.js]
[localhost/wordpress/wp-content/themes/medilink/assets/js/isotope.pkgd.mincc1a.js]
[localhost/wordpress/departments/urology/index.html]
[localhost/wordpress/wp-json/oembed/1.0/embedfcb5.json]
[localhost/wordpress/wp-json/oembed/1.0/embed985d]
[localhost/wordpress/departments/internal-medicine/index.html]
[localhost/wordpress/wp-json/oembed/1.0/embed2b46.json]
[localhost/wordpress/wp-json/oembed/1.0/embede33d]
[localhost/wordpress/wp-content/uploads/2020/12/General-Surgery.jpg]
[localhost/wordpress/departments/general-surgery/index.html]
[localhost/wordpress/wp-json/oembed/1.0/embed8b1a.json]
[localhost/wordpress/wp-json/oembed/1.0/embed781d]
[localhost/wordpress/departments/gynaecology/index.html]
[localhost/wordpress/wp-content/uploads/2020/11/obgyn.jpg]
[localhost/wordpress/wp-json/oembed/1.0/embeda4e4.json]
[localhost/wordpress/wp-json/oembed/1.0/embed5058]
[localhost/wordpress/departments/cardiology/index.html]
[localhost/wordpress/wp-content/uploads/2020/11/Cardiology.jpg]
[localhost/wordpress/wp-json/oembed/1.0/embedf34b.json]
[localhost/wordpress/wp-json/oembed/1.0/embed6cf6]
[localhost/wordpress/departments/nephrology/index.html]
[localhost/wordpress/wp-content/uploads/2020/11/kidney.jpg]
[localhost/wordpress/wp-json/oembed/1.0/embed66ad.json]
[localhost/wordpress/wp-json/oembed/1.0/embedeae6]
[localhost/wordpress/departments/pediatric/index.html]
[localhost/wordpress/wp-content/uploads/2020/11/pediatrician.jpg]
[localhost/wordpress/wp-json/oembed/1.0/embed86b8.json]
[localhost/wordpress/wp-json/oembed/1.0/embed7dd3]
[localhost/wordpress/wp-content/uploads/2020/11/ent.jpg]
[localhost/wordpress/departments/ent/index.html]
[localhost/wordpress/wp-json/oembed/1.0/embedc545.json]
[localhost/wordpress/wp-json/oembed/1.0/embedf6c4]
[localhost/wordpress/departments/orthopedic/index.html]
[localhost/wordpress/wp-json/oembed/1.0/embed7f19.json]
[localhost/wordpress/wp-json/oembed/1.0/embed6406]
[localhost/wordpress/wp-content/uploads/2020/12/Oncology.jpg]
[localhost/wordpress/departments/oncology/index.html]
[localhost/wordpress/wp-content/themes/medilink/assets/css/owl.carousel.mincc1a.css]
[localhost/wordpress/wp-content/themes/medilink/assets/css/owl.theme.default.mincc1a.css]
[localhost/wordpress/wp-content/plugins/LayerSlider/assets/static/font-awesome/fonts/fontawesome-webfont3e6e.eot]
[localhost/wordpress/wp-content/plugins/LayerSlider/assets/static/font-awesome/fonts/fontawesome-webfontd41d.eot]
[localhost/wordpress/wp-content/plugins/LayerSlider/assets/static/font-awesome/fonts/fontawesome-webfont3e6e.woff2]
[localhost/wordpress/wp-content/plugins/LayerSlider/assets/static/font-awesome/fonts/fontawesome-webfont3e6e.woff]
[localhost/wordpress/wp-content/plugins/LayerSlider/assets/static/font-awesome/fonts/fontawesome-webfont3e6e.ttf]
[localhost/wordpress/wp-content/plugins/LayerSlider/assets/static/font-awesome/css/font-awesome.mince67.css]
[localhost/wordpress/wp-content/plugins/woocommerce/assets/css/photoswipe/default-skin/default-skin.png]
[localhost/wordpress/wp-content/plugins/woocommerce/assets/css/photoswipe/photoswipe.mina288.css]
[localhost/wordpress/wp-content/plugins/woocommerce/assets/css/photoswipe/default-skin/preloader.gif]
[localhost/wordpress/wp-content/plugins/woocommerce/assets/css/photoswipe/default-skin/default-skin.mina288.css]
[localhost/wordpress/wp-content/plugins/elementor/assets/lib/animations/animations.mine248.css]
[gmpg.org/xfn/default.css]
[gmpg.org/xfn/index.html]
[gmpg.org/xfn/join.html]
[gmpg.org/xfn/background.html]
[gmpg.org/xfn/tools.html]
[gmpg.org/xfn/helping.html]
[gmpg.org/xfn/feedback.html]
[gmpg.org/xfn/creator.html]
[gmpg.org/xfn/and/index.html]
[gmpg.org/xfn/more.html]
[gmpg.org/xfn/press.html]
[gmpg.org/xfn/index-2.html]
[gmpg.org/xfn/.html]
[gmpg.org/xfn/pix/intro/five-met.gif]
[gmpg.org/xfn/pix/intro/five-acqfr.gif]
[gmpg.org/xfn/pix/intro/five-prof.gif]
[gmpg.org/xfn/pix/intro/five-lovefam.gif]
[gmpg.org/xfn/intro.html]
[gmpg.org/xfn/faq.html]
[gmpg.org/xfn/thanks.html]
[localhost/wordpress/wp-content/plugins/woocommerce/assets/fonts/star.svg]
[localhost/wordpress/wp-content/plugins/woocommerce/assets/fonts/WooCommerce.svg]
[localhost/wordpress/wp-content/plugins/woocommerce/assets/images/icons/loader.svg]
[localhost/wordpress/wp-content/plugins/woocommerce/assets/images/icons/credit-cards/visa.svg]
[localhost/wordpress/wp-content/plugins/woocommerce/assets/images/icons/credit-cards/mastercard.svg]
[localhost/wordpress/wp-content/plugins/woocommerce/assets/images/icons/credit-cards/laser.svg]
[localhost/wordpress/wp-content/plugins/woocommerce/assets/images/icons/credit-cards/diners.svg]
[localhost/wordpress/wp-content/plugins/woocommerce/assets/images/icons/credit-cards/maestro.svg]
[localhost/wordpress/wp-content/plugins/woocommerce/assets/images/icons/credit-cards/jcb.svg]
[localhost/wordpress/wp-content/plugins/woocommerce/assets/images/icons/credit-cards/amex.svg]
[localhost/wordpress/wp-content/plugins/woocommerce/assets/images/icons/credit-cards/discover.svg]
[localhost/wordpress/wp-content/plugins/elementor/assets/lib/eicons/fonts/eiconsdc2c.svg]
[localhost/wordpress/wp-content/plugins/elementor/assets/lib/font-awesome/webfonts/fa-brands-400.svg]
[localhost/wordpress/wp-content/plugins/elementor/assets/lib/font-awesome/webfonts/fa-regular-400.svg]
[localhost/wordpress/wp-content/plugins/elementor/assets/lib/font-awesome/webfonts/fa-solid-900.svg]
[localhost/wordpress/wp-content/themes/medilink/assets/webfonts/fa-brands-400.svg]
[localhost/wordpress/wp-content/themes/medilink/assets/webfonts/fa-regular-400.svg]
[localhost/wordpress/wp-content/themes/medilink/assets/webfonts/fa-solid-900.svg]
[localhost/wordpress/wp-content/themes/medilink/assets/fonts/fontawesome-webfont3e6e.svg]
[localhost/wordpress/wp-content/themes/medilink/assets/fonts/Flaticon.svg]
[localhost/wordpress/wp-content/themes/medilink/assets/css/img/preloader.html]
[localhost/wordpress/wp-content/themes/medilink/assets/css/img/department/department-bg2.html]
[localhost/wordpress/index2df4.html]
[localhost/wordpress/indexa123.html]
[localhost/wordpress/index5cd0.html]
[localhost/wordpress/wp-content/plugins/wpforms-lite/assets/css/wpforms-full.minba3a.css]
[localhost/wordpress/indexe712.html]
[localhost/wordpress/indexd39d.html]
[localhost/wordpress/departments/index.html]
[localhost/wordpress/medilink_departments_category/default/index.html]
[localhost/wordpress/index7529.html]
[localhost/wordpress/medilink_departments_category/default/feed/index.html]
[localhost/wordpress/departments/feed/index.html]
[localhost/wordpress/indexfac1.html]
[localhost/wordpress/index4ecd.html]
[localhost/wordpress/index6710.html]
[localhost/wordpress/indexb608.html]
[localhost/wordpress/index39ea.html]
[localhost/wordpress/index7c54.html]
[localhost/wordpress/index19eb.html]
[localhost/wordpress/index9036.html]
[localhost/wordpress/wp-content/themes/medilink/assets/css/owl.video.play.html]
[localhost/wordpress/wp-content/plugins/woocommerce/assets/css/photoswipe/default-skin/default-skin.svg]
[gmpg.org/xfn/index.html]
[gmpg.org/xfn/1.html]
[gmpg.org/xfn/xfn-btn.gif]
[gmpg.org/xfn/join.html]
[gmpg.org/xfn/background.html]
[gmpg.org/xfn/creator-fr.html]
[gmpg.org/xfn/creator-it.html]
[gmpg.org/xfn/creator-es.html]
[gmpg.org/xfn/creator-nl.html]
[gmpg.org/xfn/creator-cs.html]
[gmpg.org/xfn/creator-ja.html]
[gmpg.org/xfn/tools.html]
[gmpg.org/xfn/pix/mememememe.png]
[gmpg.org/xfn/and/foaf.html]
[gmpg.org/xfn/and/index-2.html]
[gmpg.org/xfn/and/index.html]
[gmpg.org/xfn/helping.html]
[gmpg.org/xfn/feedback.html]
[gmpg.org/xfn/creator.html]
[gmpg.org/xfn/xfn-mini.gif]
[gmpg.org/xfn/more.html]
[gmpg.org/xfn/press.html]
[gmpg.org/xfn/index-2.html]
[urocareapolohospital.com/wp-content/uploads/2019/02/cover.jpg]
[urocareapolohospital.com/wp-content/uploads/2019/02/bg-22.jpg]
[urocareapolohospital.com/wp-content/uploads/2019/02/bg-2.jpg]
[urocareapolohospital.com/wp-content/uploads/2019/01/bg-test.png]
[localhost/wordpress/wp-content/plugins/wpforms-lite/assets/images/times-solid-white.svg]
[localhost/wordpress/departments/page/2/index.html]
[localhost/wordpress/medilink_departments_category/default/page/2/index.html]
[gmpg.org/xfn/1.html]
[gmpg.org/xfn/creator-fr.html]
[gmpg.org/xfn/creator-it.html]
[gmpg.org/xfn/creator-es.html]
[gmpg.org/xfn/creator-nl.html]
[gmpg.org/xfn/creator-cs.html]
[gmpg.org/xfn/creator-ja.html]
[gmpg.org/xfn/and/foaf.html]
[gmpg.org/xfn/and/index-2.html]
[gmpg.org/xfn/count.css]
[urocareapolohospital.com/wp-content/uploads/2019/02/new-banner.jpg]
[junk.metafilter.com/xfn.gif]
